Script started on Thu 03 Apr 2014 11:16:59 AM EDT
cab35@englebart:~/Documents/cs214/projects/project06$ cat array.cpp 
/* array.cpp creates an array of size arraySize
 * taken from the user and then fills it with 
 * values from the user.
 *
 * Begun by: Charles Blum, for CS 214 at Calvin College.
 * Completed by:Charles Blum
 * Date: 02 April 2014
 */

#include <iostream>
#include <numeric>
using namespace std;

void printArray(double anArray[], int itsSize, ostream & out);
void readArray(double anArray[], int itsSize, istream & in);

int main() {
 int size;

  cout << "\n specify an array size: " << flush;
  cin >> size;
 
  // Define array0 as an array containing no values
  double array[size];
 
  readArray(array, size, cin);
  printArray(array, size, cout);
}

/*******************************************************
 * readArray takes in itsSize inputs and places them   *
 * in an array.                                        *
 * Receive: anArray, an empty array of doubles.        *
 * 	    itsSize, the size of the array             *
 *          istream, where to read from.               *
 *******************************************************/
void readArray(double anArray[], int itsSize, istream & in = cin) {
  for ( int i = 0; i < itsSize; i++ )
  {
  in >> anArray[i];
  }
}

/*******************************************************
 * printArray prints the values in the arrya           *
 * Receive: anArray, an array of doubles.              *
 * 	    itsSize, the size of the array             *
 *          ostream, where to write to.                *
 *******************************************************/
void printArray(double anArray[], int itsSize, ostream & out = cout) {
  for ( int i = 0; i < itsSize; i++ )
  {
  out << anArray[i] << " " << flush;
  }
  out << endl;
}
cab35@englebart:~/Documents/cs214/projects/project06$ g++ -Wall array.cpp -o cpp_array 
cab35@englebart:~/Documents/cs214/projects/project06$ ./cpp_array 

 specify an array size: 5
64
13
4
1
* -79
64 13 4 1 -79 
cab35@englebart:~/Documents/cs214/projects/project06$ exit

Script done on Thu 03 Apr 2014 11:17:29 AM EDT
Script started on Thu 03 Apr 2014 11:16:20 AM EDT
cab35@englebart:~/Documents/cs214/projects/project06$ cat arraymanipulation.adb 
-- array.adb takes input from a user and prints it.
--
-- Begun by:Charles Blum, CS 214 at Calvin College.
-- Completed by:Charles Blum
-- Date: 02 April 2014
-----------------------------------------------

with Ada.Integer_Text_IO; use Ada.Integer_Text_IO; -- Put(Integer)
with Ada.Text_IO; use Ada.Text_IO;                 -- Put(String)
--with Ada.Float_Text_IO; use Ada.Float_Text_IO;     -- Put(Float)

procedure arraymanipulation is

-- Declare Vector type
type Vector is array(Positive range <>) of Integer;
size : Positive := 1;

----------------------------------------------
-- readArray reads in the number of values   -
-- specified by the user.                    -
-- Receive: the array, A                     -
----------------------------------------------
procedure readArray( A : in out Vector ) is
value : Integer := 0;
begin 
  for I in A'Range
  loop
    Get(value);
    A(i) := value;
  end loop;
end readArray;

----------------------------------------------
-- writeArray writes the array to the user   -
-- Receive: the array, A                     -
----------------------------------------------
procedure writeArray( A : in out Vector ) is
begin 
  for I in A'Range
  loop
    Put( A(I) );
    Put( " " );
  end loop;
end writeArray;

begin
  Put("Enter a size for the array: ");
  Get(size);
  New_line;

  declare
    anArray : Vector(1..size);
  begin
    readArray(anArray);
    writeArray(anArray);
  end;
end arrayManipulation;

cab35@englebart:~/Documents/cs214/projects/project06$ gnatmake arraym,[Kanipulation.adb 
gnatmake: "arraymanipulation" up to date.
cab35@englebart:~/Documents/cs214/projects/project06$ ./arraymanipulation 
Enter a size for the array: 5

64
984
1
8
-75
         64         984           1           8         -75 
cab35@englebart:~/Documents/cs214/projects/project06$ exit

Script done on Thu 03 Apr 2014 11:16:55 AM EDT
Script started on Thu 03 Apr 2014 11:22:23 AM EDT
cab35@englebart:~/Documents/cs214/projects/project06$ cat array.el project06.out project06- [A[C[C[C[C[C[C[C[C[C[C[C[C[C[C[C[C[C[C[C[C[C[C[C[C[C[C[C[C[C[C[C[C[C[C[C[C[C[C[C[C[C[C[C[C[C[C[C[C[C[C[C[C[C[C[C[C[C[C[C[C[C[C[C[C[C[C[C[C[C[C[C[C[C[C[C[C[C[C[C[C[C[C[C[C[C[C[C[C[C[C[K-
;;; array.el takes a user defined number of inputs
;;; and then writes them back to the user
;;;
;;; Begun by:Charles Blum, CS 214 at Calvin College.
;;; Completed by: Charles Blum
;;; Date: 02 April 2014
;;;;;;;;;;;;;;;;;;;;;;;;;;;;;;;;;;;;;;;;;;;;;;;;;;;;

;;;;;;;;;;;;;;;;;;;;;;;;;;;;;;;;;;;;;;;;;;;;;;;;;;;;
;;; readArray takes in itsSize number of inputs.  ;;
;;;;;;;;;;;;;;;;;;;;;;;;;;;;;;;;;;;;;;;;;;;;;;;;;;;;
(defun readArray (anArray itsSize)
  (setq i 0)
  (while (< i itsSize)
    (setq value (read))
    (aset anArray i value)
    (setq i (+ i 1))
  )
)

;;;;;;;;;;;;;;;;;;;;;;;;;;;;;;;;;;;;;;;;;;;;;;;;;;;
;;; writeArray takes in x number of inputs.      ;;
;;;;;;;;;;;;;;;;;;;;;;;;;;;;;;;;;;;;;;;;;;;;;;;;;;;
(defun writeArray (anArray itsSize buf)
  (setq i 0)
  (while (< i itsSize)
    (princ (aref anArray i) buf)
    (princ " " buf)
    (setq i (+ i 1))
  )
)

(defun main (size)
  (interactive "nEnter an array size: ")
  (setq anArray (make-vector size 0))
  (readArray anArray size)
  (if (get-buffer "project06.out")
      (kill-buffer "project06.out"))
  (setq buf (switch-to-buffer-other-window "project06.out"))
  (writeArray anArray size buf)
)

3 2 1


cat: project06-: No such file or directory
cab35@englebart:~/Documents/cs214/projects/project06$ exit

Script done on Thu 03 Apr 2014 11:22:39 AM EDT
Script started on Thu 03 Apr 2014 11:25:14 AM EDT
cab35@englebart:~/Documents/cs214/projects/project06$ cat array.rb 
# array.rb takes a specified number of inputs from the  
# user and prints them back out.
#
# Begun by:Charles Blum, for CS 214 at Calvin College.
# Completed by:: Charles Blum
# Date: 02 April 2014
########################################################

###############################################
# readArray reads in the values from the user
# Receive: the array of size 0.
################################################
def readArray( someArray, size ) 
  for i in 0..(size-1)
    someArray.push( gets.to_f )
  end
  someArray
end 

###############################################
# wrietArray writes out the array to the user
# Receive: the array of size n.
################################################
def writeArray(someArray)
  someArray.each { |i| puts( i ) }
end

def main
  puts "enter the size of the array: "
  size = gets.to_i

  puts "enter #{size} values: "
  someArray = []

  readArray( someArray, size )
  writeArray( someArray )
end

main

cab35@englebart:~/Documents/cs214/projects/project06$ ruby array.rb
enter the size of the array: 
4
enter 4 values: 
46
5
2
-77
46.0
5.0
2.0
-77.0
cab35@englebart:~/Documents/cs214/projects/project06$ exit

Script done on Thu 03 Apr 2014 11:25:32 AM EDT
